Microsoft Windows [Version 10.0.18363.1440]
(c) 2019 Microsoft Corporation. All rights reserved.
File not found - C:\bat\macros.doskey

C:\Users\Dell\Desktop\Final_Project\Flask_React_Merged\api>set FLASK_APP=api.py

C:\Users\Dell\Desktop\Final_Project\Flask_React_Merged\api>set FLASK_ENV=development

C:\Users\Dell\Desktop\Final_Project\Flask_React_Merged\api>flask run
 * Serving Flask app "api.py" (lazy loading)
 * Environment: development
 * Debug mode: on
 * Restarting with stat
 * Debugger is active!
 * Debugger PIN: 127-111-273
 * Running on http://127.0.0.1:5000/ (Press CTRL+C to quit)

C:\Users\Dell\Desktop\Final_Project\Flask_React_Merged\api>py -m venv venv

C:\Users\Dell\Desktop\Final_Project\Flask_React_Merged\api>python -m venv venv

C:\Users\Dell\Desktop\Final_Project\Flask_React_Merged\api>venv\Scripts\activate

(venv) C:\Users\Dell\Desktop\Final_Project\Flask_React_Merged\api>set FLASK_APP=api.py

(venv) C:\Users\Dell\Desktop\Final_Project\Flask_React_Merged\api>set FLASK_ENV=development

(venv) C:\Users\Dell\Desktop\Final_Project\Flask_React_Merged\api>flask run
 * Serving Flask app 'api.py' (lazy loading)
 * Environment: development
 * Debug mode: on
 * Restarting with stat
 * Debugger is active!
 * Debugger PIN: 521-015-876
 * Running on http://127.0.0.1:5000/ (Press CTRL+C to quit)
127.0.0.1 - - [22/May/2021 23:38:56] "GET /time HTTP/1.1" 200 -
127.0.0.1 - - [22/May/2021 23:39:01] "GET /time HTTP/1.1" 200 -
127.0.0.1 - - [22/May/2021 23:45:49] "GET /time HTTP/1.1" 200 -
127.0.0.1 - - [22/May/2021 23:45:58] "GET / HTTP/1.1" 404 -
127.0.0.1 - - [22/May/2021 23:45:59] "GET /favicon.ico HTTP/1.1" 404 -
127.0.0.1 - - [22/May/2021 23:46:36] "GET / HTTP/1.1" 404 -
127.0.0.1 - - [22/May/2021 23:46:36] "GET /favicon.ico HTTP/1.1" 404 -
127.0.0.1 - - [22/May/2021 23:47:39] "GET /time HTTP/1.1" 200 -
127.0.0.1 - - [22/May/2021 23:47:49] "GET /time HTTP/1.1" 200 -
127.0.0.1 - - [22/May/2021 23:47:52] "GET /time HTTP/1.1" 200 -
127.0.0.1 - - [22/May/2021 23:47:57] "GET /time HTTP/1.1" 200 -
127.0.0.1 - - [23/May/2021 00:03:46] "GET / HTTP/1.1" 404 -
127.0.0.1 - - [23/May/2021 00:03:50] "GET /time HTTP/1.1" 200 -
127.0.0.1 - - [23/May/2021 00:04:15] "GET / HTTP/1.1" 404 -
127.0.0.1 - - [23/May/2021 00:07:44] "GET / HTTP/1.1" 404 -
127.0.0.1 - - [23/May/2021 00:08:34] "GET /time HTTP/1.1" 200 -
 * Detected change in 'C:\\Users\\Dell\\Desktop\\Final_Project\\Flask_React_Merged\\api\\venv\\api.py', reloading
 * Restarting with stat
 * Debugger is active!
 * Debugger PIN: 521-015-876
 * Running on http://127.0.0.1:5000/ (Press CTRL+C to quit)

(venv) C:\Users\Dell\Desktop\Final_Project\Flask_React_Merged\api>flask run
 * Serving Flask app 'api.py' (lazy loading)
 * Environment: development
 * Debug mode: on
 * Restarting with stat
 * Debugger is active!
 * Debugger PIN: 521-015-876
 * Running on http://127.0.0.1:5000/ (Press CTRL+C to quit)
 * Detected change in 'C:\\Users\\Dell\\Desktop\\Final_Project\\Flask_React_Merged\\api\\venv\\api.py', reloading
 * Restarting with stat
 * Debugger is active!
 * Debugger PIN: 521-015-876
 * Running on http://127.0.0.1:5000/ (Press CTRL+C to quit)

(venv) C:\Users\Dell\Desktop\Final_Project\Flask_React_Merged\api>flask run
 * Serving Flask app 'api.py' (lazy loading)
 * Environment: development
 * Debug mode: on
 * Restarting with stat
 * Debugger is active!
 * Debugger PIN: 521-015-876
 * Running on http://127.0.0.1:5000/ (Press CTRL+C to quit)
 * Detected change in 'C:\\Users\\Dell\\Desktop\\Final_Project\\Flask_React_Merged\\api\\venv\\api.py', reloading
 * Restarting with stat
 * Debugger is active!
 * Debugger PIN: 521-015-876
 * Running on http://127.0.0.1:5000/ (Press CTRL+C to quit)

(venv) C:\Users\Dell\Desktop\Final_Project\Flask_React_Merged\api>flask run
 * Serving Flask app 'api.py' (lazy loading)
 * Environment: development
 * Debug mode: on
 * Restarting with stat
 * Debugger is active!
 * Debugger PIN: 521-015-876
 * Running on http://127.0.0.1:5000/ (Press CTRL+C to quit)
127.0.0.1 - - [23/May/2021 01:06:41] "GET /hello HTTP/1.1" 404 -
127.0.0.1 - - [23/May/2021 01:06:53] "GET /hello HTTP/1.1" 404 -
127.0.0.1 - - [23/May/2021 01:07:11] "GET /hello HTTP/1.1" 404 -
127.0.0.1 - - [23/May/2021 01:07:16] "GET / HTTP/1.1" 404 -
127.0.0.1 - - [23/May/2021 01:07:21] "GET /time HTTP/1.1" 200 -
127.0.0.1 - - [23/May/2021 01:10:25] "GET / HTTP/1.1" 404 -
127.0.0.1 - - [23/May/2021 01:10:31] "GET /time HTTP/1.1" 200 -
127.0.0.1 - - [23/May/2021 01:19:01] "GET / HTTP/1.1" 404 -
127.0.0.1 - - [23/May/2021 01:20:14] "GET / HTTP/1.1" 404 -
127.0.0.1 - - [23/May/2021 01:20:59] "GET / HTTP/1.1" 404 -
127.0.0.1 - - [23/May/2021 01:22:14] "GET / HTTP/1.1" 404 -
127.0.0.1 - - [23/May/2021 01:22:24] "GET / HTTP/1.1" 404 -
127.0.0.1 - - [23/May/2021 01:24:10] "GET / HTTP/1.1" 404 -
127.0.0.1 - - [23/May/2021 01:25:42] "GET / HTTP/1.1" 404 -
127.0.0.1 - - [23/May/2021 01:26:05] "POST / HTTP/1.1" 404 -
127.0.0.1 - - [23/May/2021 01:31:48] "GET /hello HTTP/1.1" 404 -
127.0.0.1 - - [23/May/2021 01:32:10] "GET /hello HTTP/1.1" 404 -
 * Detected change in 'C:\\Users\\Dell\\Desktop\\Final_Project\\Flask_React_Merged\\api\\venv\\api.py', reloading
 * Restarting with stat
 * Debugger is active!
 * Debugger PIN: 521-015-876
 * Running on http://127.0.0.1:5000/ (Press CTRL+C to quit)
127.0.0.1 - - [23/May/2021 01:32:15] "GET /time HTTP/1.1" 200 -
127.0.0.1 - - [23/May/2021 01:32:20] "GET /time HTTP/1.1" 200 -
127.0.0.1 - - [23/May/2021 01:32:32] "GET /hello HTTP/1.1" 404 -
127.0.0.1 - - [23/May/2021 01:32:55] "GET /hello HTTP/1.1" 404 -

(venv) C:\Users\Dell\Desktop\Final_Project\Flask_React_Merged\api>