Microsoft Windows [Version 10.0.18363.1440]
(c) 2019 Microsoft Corporation. All rights reserved.
File not found - C:\bat\macros.doskey

C:\Users\Dell>netstat -ano | findstr :3000
  TCP    0.0.0.0:3000           0.0.0.0:0              LISTENING       7932
  TCP    127.0.0.1:3000         127.0.0.1:64579        ESTABLISHED     7932
  TCP    127.0.0.1:64579        127.0.0.1:3000         ESTABLISHED     16280

C:\Users\Dell>netstat -ano | findstr :3000
  TCP    0.0.0.0:3000           0.0.0.0:0              LISTENING       7932
  TCP    127.0.0.1:3000         127.0.0.1:64579        ESTABLISHED     7932
  TCP    127.0.0.1:64579        127.0.0.1:3000         ESTABLISHED     16280

C:\Users\Dell>netstat -ano | findstr :3000
  TCP    0.0.0.0:3000           0.0.0.0:0              LISTENING       7932
  TCP    127.0.0.1:3000         127.0.0.1:64579        ESTABLISHED     7932
  TCP    127.0.0.1:64579        127.0.0.1:3000         ESTABLISHED     16280

C:\Users\Dell>taskkill /PID 7932 /F
SUCCESS: The process with PID 7932 has been terminated.

C:\Users\Dell>taskkill /PID 7932 /F
ERROR: The process "7932" not found.

C:\Users\Dell>netstat -ano | findstr :3000

C:\Users\Dell>netstat -ano | findstr :3000

C:\Users\Dell>netstat -ano | findstr :5000
  TCP    127.0.0.1:5000         127.0.0.1:63176        TIME_WAIT       0
  TCP    127.0.0.1:5000         127.0.0.1:63177        TIME_WAIT       0
  TCP    127.0.0.1:5000         127.0.0.1:63179        TIME_WAIT       0
  TCP    127.0.0.1:5000         127.0.0.1:63184        TIME_WAIT       0
  TCP    127.0.0.1:5000         127.0.0.1:63185        TIME_WAIT       0

C:\Users\Dell>netstat -ano | findstr :5000
  TCP    127.0.0.1:5000         0.0.0.0:0              LISTENING       7016
  TCP    127.0.0.1:5000         0.0.0.0:0              LISTENING       18472
  TCP    127.0.0.1:63210        127.0.0.1:5000         TIME_WAIT       0

C:\Users\Dell>netstat -ano | findstr :3000

C:\Users\Dell>tasklist /fi "pid eq 7016"

C:\Users\Dell>tasklist /FI "pid eq 7016"

Image Name                     PID Session Name        Session#    Mem Usage
========================= ======== ================ =========== ============
python.exe                    7016 Console                    2     33,980 K

C:\Users\Dell>